..\.venv\Scripts\python.exe : [33mChecking connectivity to the model hosters, this may take a while. To 
bypass this check, set `PADDLE_PDX_DISABLE_MODEL_SOURCE_CHECK` to `True`.[0m
At line:1 char:1
+ ..\.venv\Scripts\python.exe test_tools_and_apis.py > test_output.txt  ...
+ ~~~~~~~~~~~~~~~~~~~~~~~~~~~~~~~~~~~~~~~~~~~~~~~~~~~~~~~~~~~~~~~~~~~~~
    + CategoryInfo          : NotSpecified: ([33mChecking c... to `True`.[0m:String) [], RemoteException
    + FullyQualifiedErrorId : NativeCommandError
 
INFO: Could not find files for the given pattern(s).
E:\AI\math-mentor-ai\.venv\Lib\site-packages\paddle\utils\cpp_extension\extension_utils.py:712: UserWarning: 
No ccache found. Please be aware that recompiling all source files may be required. You can download and 
install ccache from: https://github.com/ccache/ccache/blob/master/doc/INSTALL.md
  warnings.warn(warning_message)
[32mCreating model: ('PP-LCNet_x1_0_doc_ori', None)[0m
[32mModel files already exist. Using cached files. To redownload, please delete the directory manually: 
`C:\Users\reddy\.paddlex\official_models\PP-LCNet_x1_0_doc_ori`.[0m
WARNING: Logging before InitGoogleLogging() is written to STDERR
I0308 14:08:48.486785 18988 onednn_context.cc:81] oneDNN v3.6.2
[32mCreating model: ('UVDoc', None)[0m
[32mModel files already exist. Using cached files. To redownload, please delete the directory manually: 
`C:\Users\reddy\.paddlex\official_models\UVDoc`.[0m
[32mCreating model: ('PP-LCNet_x1_0_textline_ori', None)[0m
[32mModel files already exist. Using cached files. To redownload, please delete the directory manually: 
`C:\Users\reddy\.paddlex\official_models\PP-LCNet_x1_0_textline_ori`.[0m
[32mCreating model: ('PP-OCRv5_server_det', None)[0m
[32mModel files already exist. Using cached files. To redownload, please delete the directory manually: 
`C:\Users\reddy\.paddlex\official_models\PP-OCRv5_server_det`.[0m
[32mCreating model: ('en_PP-OCRv5_mobile_rec', None)[0m
[32mModel files already exist. Using cached files. To redownload, please delete the directory manually: 
`C:\Users\reddy\.paddlex\official_models\en_PP-OCRv5_mobile_rec`.[0m
[32mCreating model: ('PP-LCNet_x1_0_doc_ori', None)[0m
[32mModel files already exist. Using cached files. To redownload, please delete the directory manually: 
`C:\Users\reddy\.paddlex\official_models\PP-LCNet_x1_0_doc_ori`.[0m
[32mCreating model: ('UVDoc', None)[0m
[32mModel files already exist. Using cached files. To redownload, please delete the directory manually: 
`C:\Users\reddy\.paddlex\official_models\UVDoc`.[0m
[32mCreating model: ('PP-LCNet_x1_0_textline_ori', None)[0m
[32mModel files already exist. Using cached files. To redownload, please delete the directory manually: 
`C:\Users\reddy\.paddlex\official_models\PP-LCNet_x1_0_textline_ori`.[0m
[32mCreating model: ('PP-OCRv5_server_det', None)[0m
[32mModel files already exist. Using cached files. To redownload, please delete the directory manually: 
`C:\Users\reddy\.paddlex\official_models\PP-OCRv5_server_det`.[0m
[32mCreating model: ('en_PP-OCRv5_mobile_rec', None)[0m
[32mModel files already exist. Using cached files. To redownload, please delete the directory manually: 
`C:\Users\reddy\.paddlex\official_models\en_PP-OCRv5_mobile_rec`.[0m
[2026-03-08 14:09:00,708] [    INFO] _client.py:1025 - HTTP Request: POST 
https://api.groq.com/openai/v1/audio/transcriptions "HTTP/1.1 200 OK"
[2026-03-08 14:09:01,510] [    INFO] _client.py:1025 - HTTP Request: POST 
https://api.groq.com/openai/v1/audio/transcriptions "HTTP/1.1 200 OK"
[32mCreating model: ('PP-LCNet_x1_0_doc_ori', None)[0m
[32mModel files already exist. Using cached files. To redownload, please delete the directory manually: 
`C:\Users\reddy\.paddlex\official_models\PP-LCNet_x1_0_doc_ori`.[0m
I0308 14:09:01.598620 12784 onednn_context.cc:81] oneDNN v3.6.2
[32mCreating model: ('UVDoc', None)[0m
[32mModel files already exist. Using cached files. To redownload, please delete the directory manually: 
`C:\Users\reddy\.paddlex\official_models\UVDoc`.[0m
[32mCreating model: ('PP-LCNet_x1_0_textline_ori', None)[0m
[32mModel files already exist. Using cached files. To redownload, please delete the directory manually: 
`C:\Users\reddy\.paddlex\official_models\PP-LCNet_x1_0_textline_ori`.[0m
[32mCreating model: ('PP-OCRv5_server_det', None)[0m
[32mModel files already exist. Using cached files. To redownload, please delete the directory manually: 
`C:\Users\reddy\.paddlex\official_models\PP-OCRv5_server_det`.[0m
[32mCreating model: ('en_PP-OCRv5_mobile_rec', None)[0m
[32mModel files already exist. Using cached files. To redownload, please delete the directory manually: 
`C:\Users\reddy\.paddlex\official_models\en_PP-OCRv5_mobile_rec`.[0m
[2026-03-08 14:09:06,656] [    INFO] _client.py:1025 - HTTP Request: POST http://testserver/ocr/extract 
"HTTP/1.1 200 OK"
I0308 14:09:06.661405  8580 onednn_context.cc:81] oneDNN v3.6.2
[2026-03-08 14:09:07,909] [    INFO] _client.py:1025 - HTTP Request: POST http://testserver/ocr/from_base64 
"HTTP/1.1 200 OK"
[2026-03-08 14:09:08,653] [    INFO] _client.py:1025 - HTTP Request: POST 
https://api.groq.com/openai/v1/audio/transcriptions "HTTP/1.1 200 OK"
[2026-03-08 14:09:08,657] [    INFO] _client.py:1025 - HTTP Request: POST http://testserver/asr/transcribe 
"HTTP/1.1 200 OK"
[2026-03-08 14:09:09,263] [    INFO] _client.py:1025 - HTTP Request: POST 
https://api.groq.com/openai/v1/audio/transcriptions "HTTP/1.1 200 OK"
[2026-03-08 14:09:09,268] [    INFO] _client.py:1025 - HTTP Request: POST http://testserver/asr/from_base64 
"HTTP/1.1 200 OK"
--- Testing OCR Tool Directly ---
>>> [OCR TOOL] Starting extraction for image... Shape: (100, 200, 3)
OCR extraction result: {
  "text": "",
  "lines": [],
  "confidence": 0.0,
  "low_confidence": true,
  "needs_hitl": true,
  "error": "(Unimplemented) ConvertPirAttribute2RuntimeAttribute not support [pir::ArrayAttribute<pir::DoubleAttribute>]  (at ..\\paddle\\fluid\\framework\\new_executor\\instruction\\onednn\\onednn_instruction.cc:118)\n",
  "session_id": "f4a50783-5ec9-4f6e-86d9-976f7f88f7fa"
}
>>> [OCR TOOL] Starting extraction for image... Shape: (100, 200, 3)

Langchain tool result:
 Extracted Text:


Confidence: 0.0%
Needs Review: Yes
Lines: 0

--- Testing ASR Tool Directly ---
ASR transcription result: {
  "text": "you",
  "converted_text": "you",
  "confidence": 0.6,
  "needs_confirmation": true,
  "model_used": "whisper-large-v3",
  "language": "en",
  "hitl_triggered": true
}

Langchain tool result:
 {
  "text": "you",
  "converted_text": "you",
  "confidence": 0.6,
  "needs_confirmation": true,
  "model_used": "whisper-large-v3",
  "language": "en",
  "hitl_triggered": true
}

--- Testing OCR API ---
>>> [OCR TOOL] Starting extraction for image... Shape: (100, 200, 3)
OCR /extract response: 200
{'session_id': '44ef7650-37c4-4d0c-bdc3-6773e5d59726', 'text': '', 'lines': [], 'confidence': 0.0, 'low_confidence': True, 'needs_hitl': True, 'hitl_reason': '', 'message': 'Please review and correct the extracted text'}
>>> [OCR TOOL] Starting extraction for image... Shape: (100, 200, 3)
OCR /from_base64 response: 200
{'session_id': '5ea10c5c-f1a0-4565-b3d8-7b0fd6239c74', 'text': '', 'lines': [], 'confidence': 0.0, 'low_confidence': True, 'needs_hitl': True, 'message': 'Review recommended'}

--- Testing ASR API ---
ASR /transcribe response: 200
{'session_id': '6208622d-5d60-4daf-87db-8a364c5cef39', 'text': 'you', 'converted_text': 'you', 'confidence': 0.6, 'needs_confirmation': True, 'model_used': 'whisper-large-v3', 'language': 'en', 'hitl_triggered': True}
ASR /from_base64 response: 200
{'session_id': '3ea33ba9-7171-4eb7-a749-b4c6b6f8f383', 'text': 'you', 'converted_text': 'you', 'confidence': 0.6, 'needs_confirmation': True, 'model_used': 'whisper-large-v3', 'language': 'en', 'hitl_triggered': True}
